// Jest Snapshot v1, https://goo.gl/fbAQLP

exports[`AgGridTable Contract Tests should ensure the contract is clear 1`] = `
[
  "key",
  "type",
]
`;

exports[`AgGridTable Contract Tests should ensure the contract is clear 2`] = `
{
  "customClass": {
    "type": "string",
  },
  "display": {
    "$ref": "#/definitions/Display",
  },
  "executable": {
    "default": true,
    "description": "Defines whether or not the object will respond to events or fire operations. When \`true\`, the object will perform and behave as defined in its spec. When \`false\`, the object will no longer be responsive to the system.",
    "type": "boolean",
  },
  "gridOptions": {
    "default": "{
  "suppressContextMenu": false,
  "preventDefaultOnContextMenu": false,
  "allowContextMenuWithControlKey": false,
  "suppressMenuHide": true,
  "enableBrowserTooltips": false,
  "tooltipTrigger": "hover",
  "tooltipShowDelay": 2000,
  "tooltipHideDelay": 10000,
  "tooltipMouseTrack": false,
  "tooltipShowMode": "standard",
  "tooltipInteraction": false,
  "copyHeadersToClipboard": false,
  "copyGroupHeadersToClipboard": false,
  "clipboardDelimiter": "\\t",
  "suppressCopyRowsToClipboard": false,
  "suppressCopySingleCellRanges": false,
  "suppressLastEmptyLineOnPaste": false,
  "suppressClipboardPaste": false,
  "suppressClipboardApi": false,
  "suppressCutToClipboard": false,
  "maintainColumnOrder": false,
  "enableStrictPivotColumnOrder": false,
  "suppressFieldDotNotation": false,
  "allowDragFromColumnsToolPanel": false,
  "suppressMovableColumns": false,
  "suppressColumnMoveAnimation": false,
  "suppressMoveWhenColumnDragging": false,
  "suppressDragLeaveHidesColumns": false,
  "suppressRowGroupHidesColumns": false,
  "suppressAutoSize": false,
  "autoSizePadding": 20,
  "skipHeaderOnAutoSize": false,
  "singleClickEdit": false,
  "suppressClickEdit": false,
  "readOnlyEdit": false,
  "stopEditingWhenCellsLoseFocus": false,
  "enterNavigatesVertically": false,
  "enterNavigatesVerticallyAfterEdit": false,
  "enableCellEditingOnBackspace": false,
  "undoRedoCellEditing": false,
  "undoRedoCellEditingLimit": 10,
  "suppressCsvExport": false,
  "suppressExcelExport": false,
  "cacheQuickFilter": false,
  "includeHiddenColumnsInQuickFilter": false,
  "excludeChildrenWhenTreeDataFiltering": false,
  "enableAdvancedFilter": false,
  "includeHiddenColumnsInAdvancedFilter": false,
  "enableCharts": false,
  "masterDetail": false,
  "keepDetailRows": false,
  "keepDetailRowsCount": 10,
  "detailRowAutoHeight": false,
  "tabIndex": 0,
  "rowBuffer": 10,
  "valueCache": false,
  "valueCacheNeverExpires": false,
  "enableCellExpressions": false,
  "suppressTouch": false,
  "suppressFocusAfterRefresh": false,
  "suppressAsyncEvents": false,
  "suppressBrowserResizeObserver": false,
  "suppressPropertyNamesCheck": false,
  "suppressChangeDetection": false,
  "debug": false,
  "suppressLoadingOverlay": false,
  "suppressNoRowsOverlay": false,
  "pagination": false,
  "paginationPageSize": 100,
  "paginationPageSizeSelector": true,
  "paginationAutoPageSize": false,
  "paginateChildRows": false,
  "suppressPaginationPanel": false,
  "pivotMode": false,
  "pivotPanelShow": "never",
  "pivotDefaultExpanded": 0,
  "pivotSuppressAutoColumn": false,
  "suppressExpandablePivotGroups": false,
  "functionsReadOnly": false,
  "suppressAggFuncInHeader": false,
  "alwaysAggregateAtRootLevel": false,
  "aggregateOnlyChangedColumns": false,
  "suppressAggFilteredOnly": false,
  "removePivotHeaderRowWhenSingleValueColumn": false,
  "animateRows": true,
  "enableCellChangeFlash": false,
  "cellFlashDelay": 500,
  "cellFlashDuration": 500,
  "cellFadeDelay": 1000,
  "cellFadeDuration": 1000,
  "allowShowChangeAfterFilter": false,
  "domLayout": "normal",
  "ensureDomOrder": false,
  "enableRtl": false,
  "suppressColumnVirtualisation": false,
  "suppressMaxRenderedRowRestriction": false,
  "suppressRowVirtualisation": false,
  "rowDragManaged": false,
  "suppressRowDrag": false,
  "suppressMoveWhenRowDragging": false,
  "rowDragEntireRow": false,
  "rowDragMultiRow": false,
  "embedFullWidthRows": false,
  "groupDisplayType": "singleColumn",
  "groupDefaultExpanded": 0,
  "groupMaintainOrder": false,
  "groupSelectsChildren": false,
  "groupIncludeTotalFooter": false,
  "groupSuppressBlankHeader": false,
  "groupSelectsFiltered": false,
  "showOpenedGroup": false,
  "groupRemoveSingleChildren": false,
  "groupRemoveLowestSingleChildren": false,
  "groupHideOpenParents": false,
  "groupAllowUnbalanced": false,
  "rowGroupPanelShow": "never",
  "suppressMakeColumnVisibleAfterUnGroup": false,
  "treeData": false,
  "rowGroupPanelSuppressSort": false,
  "suppressGroupRowsSticky": false,
  "rowModelType": "clientSide",
  "asyncTransactionWaitMillis": 50,
  "suppressModelUpdateAfterUpdateTransaction": false,
  "cacheOverflowSize": 1,
  "infiniteInitialRowCount": 1,
  "serverSideInitialRowCount": 1,
  "suppressServerSideInfiniteScroll": false,
  "cacheBlockSize": 100,
  "maxBlocksInCache": -1,
  "maxConcurrentDatasourceRequests": 2,
  "blockLoadDebounceMillis": 0,
  "purgeClosedRowNodes": false,
  "serverSideSortAllLevels": false,
  "serverSideOnlyRefreshFilteredGroups": false,
  "serverSideSortOnServer": false,
  "serverSideFilterOnServer": false,
  "serverSidePivotResultFieldSeparator": "_",
  "viewportRowModelPageSize": 5,
  "viewportRowModelBufferSize": 5,
  "alwaysShowHorizontalScroll": false,
  "alwaysShowVerticalScroll": false,
  "debounceVerticalScrollbar": false,
  "suppressHorizontalScroll": false,
  "suppressScrollOnNewData": false,
  "suppressScrollWhenPopupsAreOpen": false,
  "suppressAnimationFrame": false,
  "suppressMiddleClickScrolls": false,
  "suppressPreventDefaultOnMouseWheel": false,
  "rowMultiSelectWithClick": false,
  "suppressRowDeselection": false,
  "suppressRowClickSelection": false,
  "suppressCellFocus": false,
  "suppressHeaderFocus": false,
  "suppressMultiRangeSelection": false,
  "enableCellTextSelection": false,
  "enableRangeSelection": false,
  "enableRangeHandle": false,
  "enableFillHandle": false,
  "fillHandleDirection": "xy",
  "suppressClearOnFillReduction": false,
  "accentedSort": false,
  "unSortIcon": false,
  "suppressMultiSort": false,
  "alwaysMultiSort": false,
  "suppressMaintainUnsortedOrder": false,
  "suppressRowHoverHighlight": false,
  "suppressRowTransform": false,
  "columnHoverHighlight": false,
  "deltaSort": false,
  "enableGroupEdit": false,
  "suppressGroupMaintainValueType": false,
  "groupLockGroupColumns": 0,
  "serverSideEnableClientSideSort": false,
  "suppressServerSideFullWidthLoadingRow": false,
  "pivotMaxGeneratedColumns": -1,
  "columnMenu": "new",
  "reactiveCustomComponents": true,
  "suppressSetFilterByDefault": false
}",
    "description": "'gridOptions' holds the options the the agGridTable is created with.",
    "examples": [
      {
        "columnDefs": [
          {
            "field": "season",
          },
          {
            "field": "element",
          },
        ],
        "defaultColDef": {
          "filter": true,
        },
      },
      {
        "columnDefs": [
          {
            "field": "name",
          },
          {
            "field": "element",
          },
          {
            "field": "benderStatus",
          },
        ],
        "defaultColDef": {
          "editable": true,
          "filter": true,
        },
      },
    ],
    "type": "object",
  },
  "height": {
    "default": "500px",
    "type": "string",
  },
  "inputs": {
    "items": {
      "$ref": "#/definitions/InputRef",
    },
    "type": "array",
  },
  "key": {
    "description": "'key' is the user-defined, unique identifier for an object within a module. It doesn't have to be unique across different modules. Objects within the runtime use keys to target other objects.",
    "examples": [
      "I am the key",
      "bestKeyEver",
    ],
    "minLength": 1,
    "type": "string",
  },
  "package": {
    "$ref": "#/definitions/PackageModel",
  },
  "signals": {
    "description": "An object which contains all of the signals for the component. The signals object can have any number of target keys as defined in the component definition which each contain an array of Signals.",
    "examples": [
      {
        "args": {
          "inputs": {
            "propertyPath": "value",
            "required": true,
            "targetKey": "firstName",
          },
        },
        "id": "firstNameWatcher",
        "operations": [
          {
            "options": {
              "logType": "warn",
              "thingToPrint": "firstNameWatcher operations fired: value watcher triggered",
            },
            "type": "PRINTER",
          },
        ],
        "type": "onWatch",
      },
      {
        "id": "textfieldOnBlur",
        "operations": [
          {
            "options": {
              "logType": "warn",
              "thingToPrint": "textfield received blur event from DOM",
            },
            "type": "PRINTER",
          },
        ],
        "type": "onBlur",
      },
      "<Example> Prompt: "I want a textfield that will trigger the root execute signal on myValidationComponent when the textfield input receives a blur event." Response: [{"key":"yourGeneratedTextfield","type":"textfield","signals":{"input":[{"id":"textfieldOnBlur","operations":[{"type":"EXECUTE","options":{"targetKey":"myValidationComponent","signalTarget":"root","shouldExecute":true}}],"type":"onBlur"}]}}] </Example>",
    ],
    "type": "object",
  },
  "styling": {
    "$ref": "#/definitions/AgGridTableStyling",
  },
  "type": {
    "const": "agGridTable",
    "description": "Name of the type of component.",
    "examples": [
      "agGridTable",
    ],
    "minLength": 1,
    "type": "string",
  },
  "validation": {
    "$ref": "#/definitions/Validation",
  },
  "value": {
    "description": "AgGridTable's 'value' holds the rowData for the agGridTable, structured as an array of objects. Each object represents a row in the table. Each property in the object is a "field" that AG Grid ColumnDefs and expressions can reference.",
    "examples": [
      [
        {
          "element": "water",
          "season": "winter",
        },
        {
          "element": "air",
          "season": "spring",
        },
        {
          "element": "fire",
          "season": "summer",
        },
        {
          "element": "earth",
          "season": "fall",
        },
      ],
      [
        {
          "benderStatus": true,
          "element": "water",
          "name": "Katara",
        },
        {
          "benderStatus": true,
          "element": "air",
          "name": "Aang",
        },
        {
          "benderStatus": true,
          "element": "fire",
          "name": "Zuko",
        },
        {
          "benderStatus": true,
          "element": "earth",
          "name": "Toph",
        },
        {
          "benderStatus": false,
          "element": "",
          "name": "Sokka",
        },
      ],
    ],
    "type": "object",
  },
}
`;
