// Jest Snapshot v1, https://goo.gl/fbAQLP

exports[`Operation Model: TableAddColumn Tests should match this JSON Schema 1`] = `
{
  "creatorSummary": {
    "description": "A detailed summary of the operation",
    "type": "string",
  },
  "name": {
    "description": "Name of the operation",
    "type": "string",
  },
  "options": {
    "$ref": "#/definitions/TableAddColumnOperationOptions",
  },
  "type": {
    "const": "TABLE_ADD_COLUMN",
    "examples": [
      "TABLE_ADD_COLUMN",
    ],
    "type": "string",
  },
}
`;
