// Jest Snapshot v1, https://goo.gl/fbAQLP

exports[`Append Styling To Target Operation Model should match this JSON Schema 1`] = `
{
  "definitions": {
    "InputRef": {
      "description": "Objects may define other targets that they refer to. This becomes a link for operation execution within the Runtime.",
      "properties": {
        "alias": {
          "type": "string",
        },
        "propertyPath": {
          "type": "string",
        },
        "required": {
          "type": "boolean",
        },
        "silent": {
          "type": "boolean",
        },
        "targetKey": {
          "minLength": 1,
          "type": "string",
        },
        "type": {
          "type": "string",
        },
      },
      "required": [
        "targetKey",
      ],
      "type": "object",
    },
  },
  "properties": {
    "inputs": {
      "description": "
    Inputs to be used within formulas in other operation options.
  ",
      "items": {
        "$ref": "#/definitions/InputRef",
      },
      "type": "array",
    },
    "shouldExecute": {
      "default": true,
      "description": "
    Conditionally execute this operation.
    Can set to false to temporarily disabled when debugging.
  ",
      "type": [
        "string",
        "boolean",
      ],
    },
    "targetKey": {
      "description": "Target component(s) that will receive the \`styling\` update. Engine Syntax is supported as a way to access the intended targets.",
      "examples": [
        "styled-component",
        "panel.*",
      ],
      "type": "string",
    },
    "update": {
      "description": "An object with the key as the specific target within the component that the update will be sent to, and the value being the CSS properties and/or classnames to be appended to the existing CSS.",
      "examples": [
        {
          "input": [
            {
              "backgroundColor": "yellow",
            },
            "fun-confetti-input",
          ],
        },
      ],
      "type": "object",
    },
  },
  "type": "object",
}
`;
