// Jest Snapshot v1, https://goo.gl/fbAQLP

exports[`Operation Model: TableSetPageSize Tests should match this JSON Schema 1`] = `
{
  "definitions": {
    "TableSetPageSizeOperationOptions": {
      "properties": {
        "pageSize": {
          "description": "Sets the number of rows displayed per page.",
          "minLength": 1,
          "type": [
            "number",
            "string",
          ],
        },
        "targetKey": {
          "description": "The key of the Table component to set page size.",
          "minLength": 1,
          "type": "string",
        },
      },
      "required": [
        "targetKey",
        "pageSize",
      ],
      "type": "object",
    },
  },
  "description": "Sets the number of rows displayed per page of the Table component.",
  "properties": {
    "creatorSummary": {
      "description": "A detailed summary of the operation",
      "type": "string",
    },
    "name": {
      "description": "Name of the operation",
      "type": "string",
    },
    "options": {
      "$ref": "#/definitions/TableSetPageSizeOperationOptions",
    },
    "type": {
      "const": "TABLE_SET_PAGE_SIZE",
      "examples": [
        "TABLE_SET_PAGE_SIZE",
      ],
      "type": "string",
    },
  },
  "required": [
    "options",
  ],
  "stability": "STABLE",
  "type": "object",
}
`;
