// Jest Snapshot v1, https://jestjs.io/docs/snapshot-testing

exports[`Operation Model: AddQueryParameters Tests AddQueryParameters Model 1`] = `
{
  "autogenDisabled": true,
  "definitions": {
    "AddQueryParametersOperationOptions": {
      "properties": {
        "params": {
          "description": "Parameters to add to the URL",
          "type": "object",
        },
        "queryParamLocation": {
          "default": "default",
          "description": "Determines the location in which this operation will update query parameters. Either in the default location as specified by RFC 3968 Section 3.4, or appended to in the URL fragment (RFC 3968 Section 3.5).",
          "type": "string",
        },
        "redirect": {
          "default": false,
          "description": "Determines if changing the params should cause the page to redirect to the url with the new query parameters.",
          "type": "boolean",
        },
        "replaceDuplicates": {
          "default": true,
          "description": "Controls behavior when adding a parameter that already exists in the URL. If \`true\`, the operation will replace the old query parameters with the same key. If \`false\`, the new query params will be appended.",
          "type": "boolean",
        },
        "shouldExecute": {
          "default": true,
          "description": "
    Conditionally execute this operation.
    Can set to false to temporarily disabled when debugging.
  ",
          "type": [
            "string",
            "boolean",
          ],
        },
      },
      "required": [
        "params",
      ],
      "type": "object",
    },
  },
  "description": "Adds new query parameters to the URL.",
  "properties": {
    "creatorSummary": {
      "description": "A detailed summary of the operation",
      "type": "string",
    },
    "name": {
      "description": "Name of the operation",
      "type": "string",
    },
    "options": {
      "$ref": "#/definitions/AddQueryParametersOperationOptions",
    },
    "type": {
      "const": "ADD_QUERY_PARAMETERS",
      "examples": [
        "ADD_QUERY_PARAMETERS",
      ],
      "type": "object",
    },
  },
  "required": [
    "options",
  ],
  "type": "object",
}
`;
