// Jest Snapshot v1, https://goo.gl/fbAQLP

exports[`Operation Model: DataWorkflowOperation Tests should match this JSON Schema 1`] = `
{
  "autogenDisabled": true,
  "definitions": {
    "DataWorkflowOptions": {
      "properties": {
        "dwfInputs": {
          "type": "array",
        },
        "isDebugMode": {
          "type": "boolean",
        },
        "operators": {
          "type": "array",
        },
        "outputs": {
          "type": "array",
        },
        "shouldExecute": {
          "default": true,
          "description": "
    Conditionally execute this operation.
    Can set to false to temporarily disabled when debugging.
  ",
          "type": [
            "string",
            "boolean",
          ],
        },
        "targetKey": {
          "type": "string",
        },
        "value": {
          "type": "object",
        },
      },
      "type": "object",
    },
  },
  "properties": {
    "creatorSummary": {
      "description": "A detailed summary of the operation",
      "type": "string",
    },
    "name": {
      "description": "Name of the operation",
      "type": "string",
    },
    "options": {
      "$ref": "#/definitions/DataWorkflowOptions",
    },
    "type": {
      "const": "DATA_WORKFLOW",
      "examples": [
        "DATA_WORKFLOW",
      ],
      "type": "string",
    },
  },
  "required": [
    "options",
  ],
  "type": "object",
}
`;
