// Jest Snapshot v1, https://goo.gl/fbAQLP

exports[`Operation Model: TableGoToLastPage Tests should match this JSON Schema 1`] = `
{
  "definitions": {
    "TableGoToLastPageOperationOptions": {
      "properties": {
        "targetKey": {
          "description": "The key for the component we want to perform the operation",
          "type": "string",
        },
      },
      "type": "object",
    },
  },
  "properties": {
    "name": {
      "description": "Name of the operation",
      "type": "string",
    },
    "options": {
      "$ref": "#/definitions/TableGoToLastPageOperationOptions",
    },
    "type": {
      "const": "TABLE_GO_TO_LAST_PAGE",
      "examples": [
        "TABLE_GO_TO_LAST_PAGE",
      ],
      "type": "string",
    },
  },
  "required": [
    "options",
  ],
  "type": "object",
}
`;
