// Jest Snapshot v1, https://goo.gl/fbAQLP

exports[`Operation Model: EmitEvent Tests should match this JSON Schema 1`] = `
{
  "definitions": {
    "EmitEventOperationOptions": {
      "properties": {
        "event": {
          "description": "a creator defined name of an event to fire in the system",
          "examples": [
            "myCustomEvent",
          ],
          "minLength": 1,
          "type": "string",
        },
        "inputs": {
          "description": "
    Inputs to be used within formulas in other operation options.
  ",
          "items": {
            "$ref": "#/definitions/InputRef",
          },
          "type": "array",
        },
        "payload": {
          "description": "data that can be sent with the event",
          "examples": [
            "{value: "this is a value"}",
          ],
          "type": "object",
        },
        "shouldExecute": {
          "default": true,
          "description": "
    Conditionally execute this operation.
    Can set to false to temporarily disabled when debugging.
  ",
          "type": [
            "string",
            "boolean",
          ],
        },
        "targetKey": {
          "description": "This is not used for this event but is required by all operation options",
          "type": "string",
        },
      },
      "required": [
        "event",
      ],
      "type": "object",
    },
    "InputRef": {
      "description": "Objects may define other targets that they refer to. This becomes a link for operation execution within the Runtime.",
      "properties": {
        "alias": {
          "type": "string",
        },
        "propertyPath": {
          "type": "string",
        },
        "required": {
          "type": "boolean",
        },
        "silent": {
          "type": "boolean",
        },
        "targetKey": {
          "minLength": 1,
          "type": "string",
        },
        "type": {
          "type": "string",
        },
      },
      "required": [
        "targetKey",
      ],
      "type": "object",
    },
  },
  "properties": {
    "creatorSummary": {
      "description": "A detailed summary of the operation",
      "type": "string",
    },
    "name": {
      "description": "Name of the operation",
      "type": "string",
    },
    "options": {
      "$ref": "#/definitions/EmitEventOperationOptions",
    },
    "type": {
      "const": "EMIT_EVENT",
      "examples": [
        "EMIT_EVENT",
      ],
      "type": "string",
    },
  },
  "required": [
    "options",
  ],
  "type": "object",
}
`;
