// Jest Snapshot v1, https://goo.gl/fbAQLP

exports[`Operation Model: TableRemoveColumn Tests TableRemoveColumn Model 1`] = `
{
  "definitions": {
    "TableRemoveColumnOperationOptions": {
      "properties": {
        "keysToRemove": {
          "anyOf": [
            {
              "type": "string",
            },
            {
              "items": {
                "type": "string",
              },
              "type": "array",
            },
          ],
          "description": "The column(s) to be removed from the target table ",
        },
        "targetKey": {
          "description": "A unique string identifier used to specify the particular table or component in the application where the column removal operation is to be executed",
          "minLength": 1,
          "type": "string",
        },
      },
      "required": [
        "targetKey",
        "keysToRemove",
      ],
      "type": "object",
    },
  },
  "description": "Removes columns from the Table based on provided column IDs.",
  "properties": {
    "creatorSummary": {
      "description": "A detailed summary of the operation",
      "type": "string",
    },
    "name": {
      "description": "Name of the operation",
      "type": "string",
    },
    "options": {
      "$ref": "#/definitions/TableRemoveColumnOperationOptions",
    },
    "type": {
      "const": "TABLE_REMOVE_COLUMN",
      "examples": [
        "TABLE_REMOVE_COLUMN",
      ],
      "type": "string",
    },
  },
  "required": [
    "options",
  ],
  "type": "object",
}
`;
