// Jest Snapshot v1, https://goo.gl/fbAQLP

exports[`Operation Model: ValidateModule Tests should match this JSON Schema 1`] = `
{
  "definitions": {
    "ValidateModuleOperationOptions": {
      "properties": {
        "moduleId": {
          "description": "The id of the intended module to validate",
          "examples": [
            "61bbaa60a09767a940406543",
          ],
          "minLength": 1,
          "type": "string",
        },
        "shouldExecute": {
          "default": true,
          "description": "
    Conditionally execute this operation.
    Can set to false to temporarily disabled when debugging.
  ",
          "type": [
            "string",
            "boolean",
          ],
        },
        "targetKey": {
          "minLength": 1,
          "type": "string",
        },
      },
      "required": [
        "targetKey",
        "moduleId",
      ],
      "type": "object",
    },
  },
  "properties": {
    "creatorSummary": {
      "description": "A detailed summary of the operation",
      "type": "string",
    },
    "name": {
      "description": "Name of the operation",
      "type": "string",
    },
    "options": {
      "$ref": "#/definitions/ValidateModuleOperationOptions",
    },
    "type": {
      "const": "VALIDATE_MODULE",
      "examples": [
        "VALIDATE_MODULE",
      ],
      "type": "string",
    },
  },
  "required": [
    "options",
  ],
  "type": "object",
}
`;
