// Jest Snapshot v1, https://goo.gl/fbAQLP

exports[`Operation Model: ScrollTo Tests should match this JSON Schema 1`] = `
{
  "definitions": {
    "InputRef": {
      "description": "Objects may define other targets that they refer to. This becomes a link for operation execution within the Runtime.",
      "properties": {
        "alias": {
          "type": "string",
        },
        "propertyPath": {
          "type": "string",
        },
        "required": {
          "type": "boolean",
        },
        "silent": {
          "type": "boolean",
        },
        "targetKey": {
          "minLength": 1,
          "type": "string",
        },
        "type": {
          "type": "string",
        },
      },
      "required": [
        "targetKey",
      ],
      "type": "object",
    },
    "ScrollToOptions": {
      "properties": {
        "block": {
          "default": "start",
          "description": "Defines vertical alignment",
          "enum": [
            "start",
            "center",
            "end",
            "nearest",
          ],
          "type": "string",
        },
        "inline": {
          "default": "nearest",
          "description": "Defines horizontal alignment",
          "enum": [
            "start",
            "center",
            "end",
            "nearest",
          ],
          "type": "string",
        },
        "inputs": {
          "description": "
    Inputs to be used within formulas in other operation options.
  ",
          "items": {
            "$ref": "#/definitions/InputRef",
          },
          "type": "array",
        },
        "shouldExecute": {
          "default": true,
          "description": "
    Conditionally execute this operation.
    Can set to false to temporarily disabled when debugging.
  ",
          "type": [
            "string",
            "boolean",
          ],
        },
        "targetElementKey": {
          "description": "TODO: Rename to targetKey "targetElementKey" describes where to scroll the view to. If "targetElementKey" is not set, it will scroll to the top of the view.",
          "type": "string",
        },
      },
      "type": "object",
    },
  },
  "description": "ScrollToOperation will scroll the page in relation to the targetElementKey. If targetElementKey is unset, it will scroll to the top of the page.",
  "properties": {
    "creatorSummary": {
      "description": "A detailed summary of the operation",
      "type": "string",
    },
    "name": {
      "description": "Name of the operation",
      "type": "string",
    },
    "options": {
      "$ref": "#/definitions/ScrollToOptions",
    },
    "type": {
      "const": "SCROLL_TO",
      "examples": [
        "SCROLL_TO",
      ],
      "type": "string",
    },
  },
  "required": [
    "options",
  ],
  "type": "object",
}
`;
