// Jest Snapshot v1, https://goo.gl/fbAQLP

exports[`Operation Model: FetchModule Tests should match this JSON Schema 1`] = `
{
  "autogenDisabled": true,
  "definitions": {
    "FetchModuleOperationOptions": {
      "properties": {
        "collisionHandler": {
          "description": "How should module ID collisions be handled",
          "type": "string",
        },
        "moduleId": {
          "description": "Id that identifies module to fetch",
          "minLength": 1,
          "type": "string",
        },
        "shouldExecute": {
          "default": true,
          "description": "
    Conditionally execute this operation.
    Can set to false to temporarily disabled when debugging.
  ",
          "type": [
            "string",
            "boolean",
          ],
        },
      },
      "required": [
        "moduleId",
      ],
      "type": "object",
    },
  },
  "properties": {
    "creatorSummary": {
      "description": "A detailed summary of the operation",
      "type": "string",
    },
    "name": {
      "description": "Name of the operation",
      "type": "string",
    },
    "options": {
      "$ref": "#/definitions/FetchModuleOperationOptions",
    },
    "type": {
      "const": "FETCH_MODULE",
      "examples": [
        "FETCH_MODULE",
      ],
      "type": "string",
    },
  },
  "required": [
    "options",
  ],
  "type": "object",
}
`;
