// Jest Snapshot v1, https://goo.gl/fbAQLP

exports[`Operation Model: FetchModule Tests should match this JSON Schema 1`] = `
{
  "autogenDisabled": true,
  "definitions": {
    "FetchModuleOperationOptions": {
      "properties": {
        "collisionHandler": {
          "description": "How should module ID collisions be handled",
          "type": "string",
        },
        "method": {
          "default": "GET",
          "description": "HTTP Method to use when loading module via moduleUrl",
          "type": "object",
        },
        "moduleId": {
          "description": "ID of the module to fetch",
          "type": "string",
        },
        "moduleUrl": {
          "description": "URL to load the module spec from. Most commonly used with server-side executes or transforms",
          "examples": [
            "path/to/my/sse-module",
            "https://myserver.com/generate-custom-module",
          ],
          "type": "string",
        },
        "pathToModuleDefinition": {
          "description": "Path to the module definition within the URL response Used with moduleUrl to extract a definition from the specified path",
          "examples": [
            "data.moduleDefinition",
            "modules[0]",
          ],
          "type": "string",
        },
        "shouldExecute": {
          "default": true,
          "description": "
    Conditionally execute this operation.
    Can set to false to temporarily disabled when debugging.
  ",
          "type": [
            "string",
            "boolean",
          ],
        },
        "storeModuleAs": {
          "description": "Custom ID to store module as in state Most commonly used when fetching a module via moduleUrl to enable rendering later",
          "type": "string",
        },
      },
      "type": "object",
    },
  },
  "properties": {
    "creatorSummary": {
      "description": "A detailed summary of the operation",
      "type": "string",
    },
    "name": {
      "description": "Name of the operation",
      "type": "string",
    },
    "options": {
      "$ref": "#/definitions/FetchModuleOperationOptions",
    },
    "type": {
      "const": "FETCH_MODULE",
      "examples": [
        "FETCH_MODULE",
      ],
      "type": "string",
    },
  },
  "required": [
    "options",
  ],
  "type": "object",
}
`;
