// Jest Snapshot v1, https://goo.gl/fbAQLP

exports[`Operation Model: TableSetColumnFilter Tests should match this JSON Schema 1`] = `
{
  "definitions": {
    "ColumnFilter": {
      "properties": {
        "id": {
          "description": "ID of the column to filter",
          "minLength": 1,
          "type": "string",
        },
        "value": {
          "description": "Value of the filter",
          "type": "object",
        },
      },
      "required": [
        "id",
        "value",
      ],
      "type": "object",
    },
    "InputRef": {
      "description": "Inputs can be used to utlize dynamic values from other state within the runtime
  within a particular execution of an operation",
      "properties": {
        "alias": {
          "description": "Optionally alias resolved value for use in formulas",
          "type": "string",
        },
        "propertyPath": {
          "description": "Path to property on target to resolve",
          "type": "string",
        },
        "required": {
          "description": "If true, operation won't execute if targeted property has no value",
          "type": "boolean",
        },
        "silent": {
          "description": "Not used in later formulas, only used to determine if operation should execute",
          "type": "boolean",
        },
        "targetKey": {
          "description": "Key of target this input depends on",
          "minLength": 1,
          "type": "string",
        },
      },
      "required": [
        "targetKey",
      ],
      "type": "object",
    },
    "TableSetColumnFilterOperationOptions": {
      "properties": {
        "filters": {
          "description": "The columns of the Table component to set filtering.",
          "items": {
            "$ref": "#/definitions/ColumnFilter",
          },
          "type": "array",
        },
        "inputs": {
          "description": "
    Inputs to be used within formulas in other operation options
  ",
          "items": {
            "$ref": "#/definitions/InputRef",
          },
          "type": "array",
        },
        "shouldExecute": {
          "description": "
    Conditionally execute this operation based on a formula.
    Can set to false to temporarily disabled when debugging
  ",
          "type": [
            "string",
            "boolean",
          ],
        },
        "targetKey": {
          "description": "Key or path that this operation should target or operate upon",
          "examples": [
            "myComponent",
            "panel.*",
            "grid.row(#).col(name)",
          ],
          "minLength": 1,
          "type": "string",
        },
      },
      "required": [
        "targetKey",
        "filters",
      ],
      "type": "object",
    },
  },
  "description": "Add filter types and/or values to apply to the Table component",
  "properties": {
    "creatorSummary": {
      "description": "A detailed summary of the operation",
      "type": "string",
    },
    "name": {
      "description": "Name of the operation",
      "type": "string",
    },
    "options": {
      "$ref": "#/definitions/TableSetColumnFilterOperationOptions",
    },
    "type": {
      "const": "TABLE_SET_COLUMN_FILTER",
      "examples": [
        "TABLE_SET_COLUMN_FILTER",
      ],
      "type": "string",
    },
  },
  "required": [
    "options",
  ],
  "stability": "STABLE",
  "type": "object",
}
`;
