// Jest Snapshot v1, https://goo.gl/fbAQLP

exports[`Operation Model: TableSetColumnFilter Tests should match this JSON Schema 1`] = `
{
  "definitions": {
    "ColumnFilter": {
      "properties": {
        "id": {
          "description": "ID of the column to filter",
          "minLength": 1,
          "type": "string",
        },
        "value": {
          "description": "Value of the filter",
          "type": "object",
        },
      },
      "required": [
        "id",
        "value",
      ],
      "type": "object",
    },
    "TableSetColumnFilterOperationOptions": {
      "properties": {
        "filters": {
          "description": "The columns of the Table component to set filtering.",
          "items": {
            "$ref": "#/definitions/ColumnFilter",
          },
          "type": "array",
        },
        "targetKey": {
          "description": "Key of the Table component to set column filtering",
          "minLength": 1,
          "type": "string",
        },
      },
      "required": [
        "targetKey",
        "filters",
      ],
      "type": "object",
    },
  },
  "description": "Add filter types and/or values to apply to the Table component",
  "properties": {
    "creatorSummary": {
      "description": "A detailed summary of the operation",
      "type": "string",
    },
    "name": {
      "description": "Name of the operation",
      "type": "string",
    },
    "options": {
      "$ref": "#/definitions/TableSetColumnFilterOperationOptions",
    },
    "type": {
      "const": "TABLE_SET_COLUMN_FILTER",
      "examples": [
        "TABLE_SET_COLUMN_FILTER",
      ],
      "type": "string",
    },
  },
  "required": [
    "options",
  ],
  "stability": "STABLE",
  "type": "object",
}
`;
