// Jest Snapshot v1, https://goo.gl/fbAQLP

exports[`Operation Model: TableSetGroupingCriteria Tests should match this JSON Schema 1`] = `
{
  "definitions": {
    "TableSetGroupingCriteriaOperationOptions": {
      "properties": {
        "groupBy": {
          "anyOf": [
            {
              "type": "string",
            },
            {
              "items": {
                "type": "string",
              },
              "type": "array",
            },
          ],
          "description": "The label of the column(s) to group the Table component by.",
        },
        "targetKey": {
          "description": "Key of the Table component to perform column grouping.",
          "minLength": 1,
          "type": "string",
        },
      },
      "required": [
        "targetKey",
        "groupBy",
      ],
      "type": "object",
    },
  },
  "description": "Sets columns to group on the Table component.",
  "properties": {
    "creatorSummary": {
      "description": "A detailed summary of the operation",
      "type": "string",
    },
    "name": {
      "description": "Name of the operation",
      "type": "string",
    },
    "options": {
      "$ref": "#/definitions/TableSetGroupingCriteriaOperationOptions",
    },
    "type": {
      "const": "TABLE_SET_GROUPING_CRITERIA",
      "examples": [
        "TABLE_SET_GROUPING_CRITERIA",
      ],
      "type": "string",
    },
  },
  "required": [
    "options",
  ],
  "type": "object",
}
`;
