// Jest Snapshot v1, https://goo.gl/fbAQLP

exports[`Operation Model: TableSetSelectedRow Tests should match this JSON Schema 1`] = `
{
  "definitions": {
    "RowSelection": {
      "type": "object",
    },
    "TableSetSelectedRowOperationOptions": {
      "properties": {
        "selectedRows": {
          "$ref": "#/definitions/RowSelection",
        },
        "targetKey": {
          "description": "Key of the Table component to target for row selection",
          "minLength": 1,
          "type": "string",
        },
      },
      "required": [
        "targetKey",
        "selectedRows",
      ],
      "type": "object",
    },
  },
  "description": "Highlights the selected row(s) in the Table component.",
  "properties": {
    "creatorSummary": {
      "description": "A detailed summary of the operation",
      "type": "string",
    },
    "name": {
      "description": "Name of the operation",
      "type": "string",
    },
    "options": {
      "$ref": "#/definitions/TableSetSelectedRowOperationOptions",
    },
    "type": {
      "const": "TABLE_SET_SELECTED_ROW",
      "examples": [
        "TABLE_SET_SELECTED_ROW",
      ],
      "type": "string",
    },
  },
  "required": [
    "options",
  ],
  "type": "object",
}
`;
