// Jest Snapshot v1, https://goo.gl/fbAQLP

exports[`Operation Model: TableSetGlobalFilter Tests JSON Schema snapshot 1`] = `
{
  "creatorSummary": {
    "description": "A detailed summary of the operation",
    "type": "string",
  },
  "name": {
    "description": "Name of the operation",
    "type": "string",
  },
  "options": {
    "$ref": "#/definitions/TableSetGlobalFilterOperationOptions",
  },
  "type": {
    "const": "TABLE_SET_GLOBAL_FILTER",
    "examples": [
      "TABLE_SET_GLOBAL_FILTER",
    ],
    "type": "string",
  },
}
`;
