// Jest Snapshot v1, https://goo.gl/fbAQLP

exports[`Toggle Class On Target Operation Model should match this JSON Schema 1`] = `
{
  "definitions": {
    "ToggleClassOnTargetOperationOptions": {
      "properties": {
        "classname": {
          "description": "The name of the class that will be toggled",
          "type": "string",
        },
        "stylingTarget": {
          "description": "The styling target where the classname will toggle.",
          "examples": [
            "root",
            "tableHeaderCell",
          ],
          "type": "string",
        },
        "targetKey": {
          "description": "Target component(s) that will receive the \`styling\` update. Engine Syntax is supported as a way to access the intended targets.",
          "examples": [
            "styled-component",
            "panel.*",
          ],
          "type": "string",
        },
      },
      "type": "object",
    },
  },
  "description": "This operation will add a classname to a target if it is not currently there, or remove a classname from a target if it already exists on it",
  "properties": {
    "creatorSummary": {
      "description": "A detailed summary of the operation",
      "type": "string",
    },
    "name": {
      "description": "Name of the operation",
      "type": "string",
    },
    "options": {
      "$ref": "#/definitions/ToggleClassOnTargetOperationOptions",
    },
    "type": {
      "const": "TOGGLE_CLASS_ON_TARGET",
      "examples": [
        "TOGGLE_CLASS_ON_TARGET",
      ],
      "type": "string",
    },
  },
  "required": [
    "options",
  ],
  "type": "object",
}
`;
