// Jest Snapshot v1, https://goo.gl/fbAQLP

exports[`Operation Model: TableSortByColumn Tests should match this JSON Schema 1`] = `
{
  "definitions": {
    "SortingState": {
      "properties": {
        "desc": {
          "default": false,
          "description": "Order in which the column should be sorted.",
          "type": "boolean",
        },
        "id": {
          "description": "Column to be sorted.",
          "minLength": 1,
          "type": "string",
        },
      },
      "required": [
        "id",
      ],
      "type": "object",
    },
    "TableSortByColumnOperationOptions": {
      "properties": {
        "sortingState": {
          "description": "Collection of objects containing the id of the column to sort, and a boolean indicating whether the column should be sorted.",
          "items": {
            "$ref": "#/definitions/SortingState",
          },
          "type": "array",
        },
        "targetKey": {
          "description": "Key of the Table component to perform column sorting.",
          "minLength": 1,
          "type": "string",
        },
      },
      "required": [
        "targetKey",
        "sortingState",
      ],
      "type": "object",
    },
  },
  "description": "Performs column sorting in the Table component.",
  "properties": {
    "creatorSummary": {
      "description": "A detailed summary of the operation",
      "type": "string",
    },
    "name": {
      "description": "Name of the operation",
      "type": "string",
    },
    "options": {
      "$ref": "#/definitions/TableSortByColumnOperationOptions",
    },
    "type": {
      "const": "TABLE_SORT_BY_COLUMN",
      "examples": [
        "TABLE_SORT_BY_COLUMN",
      ],
      "type": "string",
    },
  },
  "required": [
    "options",
  ],
  "stability": "STABLE",
  "type": "object",
}
`;
