// Jest Snapshot v1, https://goo.gl/fbAQLP

exports[`Operation Model: TableSetRowExpanded Tests should match this JSON Schema 1`] = `
{
  "definitions": {
    "TableSetRowExpandedOperationOptions": {
      "properties": {
        "isRowExpanded": {
          "description": "Indicates if the parent row group should be expanded or collapsed.",
          "type": "boolean",
        },
        "targetGroupRow": {
          "description": "The key of the parent row group to expand or collapse.",
          "minLength": 1,
          "type": "string",
        },
        "targetKey": {
          "description": "Key of the Table component to target for row expansion.",
          "minLength": 1,
          "type": "string",
        },
      },
      "required": [
        "targetKey",
        "targetGroupRow",
        "isRowExpanded",
      ],
      "type": "object",
    },
  },
  "description": "Expands/Collapses a parent row group in the Table component.",
  "properties": {
    "creatorSummary": {
      "description": "A detailed summary of the operation",
      "type": "string",
    },
    "name": {
      "description": "Name of the operation",
      "type": "string",
    },
    "options": {
      "$ref": "#/definitions/TableSetRowExpandedOperationOptions",
    },
    "type": {
      "const": "TABLE_SET_ROW_EXPANDED",
      "examples": [
        "TABLE_SET_ROW_EXPANDED",
      ],
      "type": "string",
    },
  },
  "required": [
    "options",
  ],
  "type": "object",
}
`;
