// Jest Snapshot v1, https://goo.gl/fbAQLP

exports[`Clear Validation Error Model should match this JSON Schema 1`] = `
{
  "definitions": {
    "ClearValidationErrorsOptions": {
      "properties": {
        "shouldExecute": {
          "default": true,
          "description": "
    Conditionally execute this operation.
    Can set to false to temporarily disabled when debugging.
  ",
          "type": [
            "string",
            "boolean",
          ],
        },
        "targetKey": {
          "description": "key of the target which this operation will be applied",
          "examples": [
            "textfield",
          ],
          "minLength": 1,
          "type": "string",
        },
      },
      "required": [
        "targetKey",
      ],
      "type": "object",
    },
  },
  "properties": {
    "creatorSummary": {
      "description": "A detailed summary of the operation",
      "type": "string",
    },
    "name": {
      "description": "Name of the operation",
      "type": "string",
    },
    "options": {
      "$ref": "#/definitions/ClearValidationErrorsOptions",
    },
    "type": {
      "const": "CLEAR_VALIDATION_ERRORS",
      "examples": [
        "CLEAR_VALIDATION_ERRORS",
      ],
      "type": "string",
    },
  },
  "required": [
    "options",
  ],
  "type": "object",
}
`;
