// Jest Snapshot v1, https://jestjs.io/docs/snapshot-testing

exports[`Reset Model should match this JSON Schema 1`] = `
{
  "autogenDisabled": true,
  "definitions": {
    "ResetOperationOptions": {
      "properties": {
        "shouldExecute": {
          "default": true,
          "description": "
    Conditionally execute this operation.
    Can set to false to temporarily disabled when debugging.
  ",
          "type": [
            "string",
            "boolean",
          ],
        },
        "targetKey": {
          "description": "targetKey refers to the intended target to reset.",
          "examples": [
            "firstNameTextField",
            "grid.row(0).col(0)",
          ],
          "minLength": 1,
          "type": "string",
        },
      },
      "required": [
        "targetKey",
      ],
      "type": "object",
    },
  },
  "properties": {
    "creatorSummary": {
      "description": "A detailed summary of the operation",
      "type": "string",
    },
    "name": {
      "description": "Name of the operation",
      "type": "string",
    },
    "options": {
      "$ref": "#/definitions/ResetOperationOptions",
    },
    "type": {
      "const": "RESET",
      "examples": [
        "RESET",
      ],
      "type": "string",
    },
  },
  "required": [
    "options",
  ],
  "type": "object",
}
`;
