// Jest Snapshot v1, https://goo.gl/fbAQLP

exports[`Operation Model: TableSetColumnFiltersVisibility Tests should match this JSON Schema 1`] = `
{
  "definitions": {
    "TableSetColumnFiltersVisibilityOperationOptions": {
      "properties": {
        "enableColumnFilters": {
          "description": "Set the visibility of the filters in the Table component. This field can receive a true/false value, or a string input for interpolation.",
          "minLength": 1,
          "type": [
            "boolean",
            "string",
          ],
        },
        "targetKey": {
          "description": "Key of the Table component to show/hide filters.",
          "minLength": 1,
          "type": "string",
        },
      },
      "required": [
        "targetKey",
        "enableColumnFilters",
      ],
      "type": "object",
    },
  },
  "description": "Show/Hide column filters for the Table component.",
  "properties": {
    "creatorSummary": {
      "description": "A detailed summary of the operation",
      "type": "string",
    },
    "name": {
      "description": "Name of the operation",
      "type": "string",
    },
    "options": {
      "$ref": "#/definitions/TableSetColumnFiltersVisibilityOperationOptions",
    },
    "type": {
      "const": "TABLE_SET_COLUMN_FILTERS_VISIBILITY",
      "examples": [
        "TABLE_SET_COLUMN_FILTERS_VISIBILITY",
      ],
      "type": "string",
    },
  },
  "required": [
    "options",
  ],
  "stability": "STABLE",
  "type": "object",
}
`;
