// Jest Snapshot v1, https://goo.gl/fbAQLP

exports[`Operation Model: TableSetNavigateDownOnPressEnter Tests should match this JSON Schema 1`] = `
{
  "definitions": {
    "TableSetNavigateDownOnPressEnterOperationOptions": {
      "properties": {
        "enabled": {
          "description": "When enabled, pressing Enter on a cell in edit mode sets the focus to the cell immediately below. The new selected cell changes to edit mode. If there's no cell below the current cell, nothing happens.",
          "type": "boolean",
        },
        "targetKey": {
          "description": "The key of the Table component to set navigation options.",
          "minLength": 1,
          "type": "string",
        },
      },
      "required": [
        "targetKey",
        "enabled",
      ],
      "type": "object",
    },
  },
  "description": "When the Table component is in edit mode, this will change the navigation behavior to traverse down cells when the end-user presses 'Enter'.",
  "properties": {
    "creatorSummary": {
      "description": "A detailed summary of the operation",
      "type": "string",
    },
    "name": {
      "description": "Name of the operation",
      "type": "string",
    },
    "options": {
      "$ref": "#/definitions/TableSetNavigateDownOnPressEnterOperationOptions",
    },
    "type": {
      "const": "TABLE_SET_NAVIGATE_DOWN_ON_PRESS_ENTER",
      "examples": [
        "TABLE_SET_NAVIGATE_DOWN_ON_PRESS_ENTER",
      ],
      "type": "string",
    },
  },
  "required": [
    "options",
  ],
  "stability": "STABLE",
  "type": "object",
}
`;
