// Jest Snapshot v1, https://goo.gl/fbAQLP

exports[`Operation Model: TableSetColumnVisibility Tests should match this JSON Schema 1`] = `
{
  "definitions": {
    "TableSetColumnVisibilityOptions": {
      "properties": {
        "column": {
          "anyOf": [
            {
              "type": "string",
            },
            {
              "items": {
                "type": "string",
              },
              "type": "array",
            },
          ],
          "description": "The column(s) to set visibility for",
        },
        "targetKey": {
          "description": "Key of the Table component to target for column visibility",
          "minLength": 1,
          "type": "string",
        },
        "visibility": {
          "description": "Indicates the type of visibility for the column(s). Available types are Visible, Hidden or Toggle.",
          "enum": [
            "VISIBLE",
            "HIDDEN",
            "TOGGLE",
          ],
          "minLength": 1,
          "type": "string",
        },
      },
      "required": [
        "targetKey",
        "column",
        "visibility",
      ],
      "type": "object",
    },
  },
  "description": "Sets the column(s) visibility for the Table component",
  "properties": {
    "creatorSummary": {
      "description": "A detailed summary of the operation",
      "type": "string",
    },
    "name": {
      "description": "Name of the operation",
      "type": "string",
    },
    "options": {
      "$ref": "#/definitions/TableSetColumnVisibilityOptions",
    },
    "type": {
      "const": "TABLE_SET_COLUMN_VISIBILITY",
      "examples": [
        "TABLE_SET_COLUMN_VISIBILITY",
      ],
      "type": "string",
    },
  },
  "required": [
    "options",
  ],
  "stability": "STABLE",
  "type": "object",
}
`;
