// Jest Snapshot v1, https://goo.gl/fbAQLP

exports[`Operation Model: RenderModule Tests should match this JSON Schema 1`] = `
{
  "autogenDisabled": true,
  "definitions": {
    "RenderModuleOperationOptions": {
      "properties": {
        "moduleId": {
          "description": "Id corresponding to loaded module that should be rendered.",
          "minLength": 1,
          "type": "string",
        },
        "shouldExecute": {
          "default": true,
          "description": "
    Conditionally execute this operation.
    Can set to false to temporarily disabled when debugging.
  ",
          "type": [
            "string",
            "boolean",
          ],
        },
        "targetKey": {
          "description": "Target Key identifying component in which the module should be rendered.",
          "minLength": 1,
          "type": "string",
        },
        "targetNestable": {
          "description": "Name of the nestable in which the module should be rendered.",
          "minLength": 1,
          "type": "string",
        },
      },
      "required": [
        "moduleId",
        "targetKey",
        "targetNestable",
      ],
      "type": "object",
    },
  },
  "properties": {
    "creatorSummary": {
      "description": "A detailed summary of the operation",
      "type": "string",
    },
    "name": {
      "description": "Name of the operation",
      "type": "string",
    },
    "options": {
      "$ref": "#/definitions/RenderModuleOperationOptions",
    },
    "type": {
      "const": "RENDER_MODULE",
      "examples": [
        "RENDER_MODULE",
      ],
      "type": "string",
    },
  },
  "required": [
    "options",
  ],
  "type": "object",
}
`;
