// Jest Snapshot v1, https://goo.gl/fbAQLP

exports[`Open New Page Model should match this JSON Schema 1`] = `
{
  "definitions": {
    "InputRef": {
      "properties": {
        "alias": {
          "type": "string",
        },
        "propertyPath": {
          "type": "string",
        },
        "required": {
          "type": "boolean",
        },
        "silent": {
          "type": "boolean",
        },
        "targetKey": {
          "minLength": 1,
          "type": "string",
        },
        "type": {
          "type": "string",
        },
      },
      "required": [
        "targetKey",
      ],
      "type": "object",
    },
    "OpenNewPageOptions": {
      "properties": {
        "inputs": {
          "description": "Input field includes key of target, alias of target, target required to be existed ",
          "examples": [
            "[{targetKey: textfield, alias: A, required: true }]",
          ],
          "items": {
            "$ref": "#/definitions/InputRef",
          },
          "type": "array",
        },
        "type": {
          "description": "type should be either PAGEOPEN or PAGE",
          "enum": [
            "PAGEOPEN",
            "PAGE",
          ],
          "examples": [
            "PAGEOPEN",
          ],
          "minLength": 1,
          "type": "string",
        },
        "value": {
          "description": "URL redirect value",
          "examples": [
            "www.google.com",
          ],
          "minLength": 1,
          "type": "string",
        },
      },
      "required": [
        "type",
        "value",
      ],
      "type": "object",
    },
  },
  "properties": {
    "name": {
      "description": "Name of the operation",
      "type": "string",
    },
    "options": {
      "$ref": "#/definitions/OpenNewPageOptions",
    },
    "type": {
      "const": "OPEN_NEW_PAGE",
      "examples": [
        "OPEN_NEW_PAGE",
      ],
      "type": "string",
    },
  },
  "required": [
    "options",
  ],
  "type": "object",
}
`;
