// Jest Snapshot v1, https://jestjs.io/docs/snapshot-testing

exports[`Open New Page Model should match this JSON Schema 1`] = `
{
  "autogenDisabled": true,
  "definitions": {
    "InputRef": {
      "description": "Objects may define other targets that they refer to. This becomes a link for operation execution within the Runtime.",
      "properties": {
        "alias": {
          "type": "string",
        },
        "propertyPath": {
          "type": "string",
        },
        "required": {
          "type": "boolean",
        },
        "silent": {
          "type": "boolean",
        },
        "targetKey": {
          "minLength": 1,
          "type": "string",
        },
        "type": {
          "type": "string",
        },
      },
      "required": [
        "targetKey",
      ],
      "type": "object",
    },
    "OpenNewPageOptions": {
      "properties": {
        "inputs": {
          "description": "Input field includes key of target, alias of target, target required to be existed ",
          "examples": [
            "[{targetKey: textfield, alias: A, required: true }]",
          ],
          "items": {
            "$ref": "#/definitions/InputRef",
          },
          "type": "array",
        },
        "shouldExecute": {
          "default": true,
          "description": "
    Conditionally execute this operation.
    Can set to false to temporarily disabled when debugging.
  ",
          "type": [
            "string",
            "boolean",
          ],
        },
        "type": {
          "description": "type should be either PAGEOPEN or PAGE",
          "enum": [
            "PAGEOPEN",
            "PAGE",
          ],
          "examples": [
            "PAGEOPEN",
          ],
          "minLength": 1,
          "type": "string",
        },
        "value": {
          "description": "URL redirect value",
          "examples": [
            "www.google.com",
          ],
          "minLength": 1,
          "type": "string",
        },
      },
      "required": [
        "type",
        "value",
      ],
      "type": "object",
    },
  },
  "properties": {
    "creatorSummary": {
      "description": "A detailed summary of the operation",
      "type": "string",
    },
    "name": {
      "description": "Name of the operation",
      "type": "string",
    },
    "options": {
      "$ref": "#/definitions/OpenNewPageOptions",
    },
    "type": {
      "const": "OPEN_NEW_PAGE",
      "examples": [
        "OPEN_NEW_PAGE",
      ],
      "type": "string",
    },
  },
  "required": [
    "options",
  ],
  "type": "object",
}
`;
