// Jest Snapshot v1, https://goo.gl/fbAQLP

exports[`Operation Model: SetComponentState Tests should match this JSON Schema 1`] = `
{
  "definitions": {
    "InputRef": {
      "description": "Objects may define other targets that they refer to. This becomes a link for operation execution within the Runtime.",
      "properties": {
        "alias": {
          "type": "string",
        },
        "propertyPath": {
          "type": "string",
        },
        "required": {
          "type": "boolean",
        },
        "silent": {
          "type": "boolean",
        },
        "targetKey": {
          "minLength": 1,
          "type": "string",
        },
        "type": {
          "type": "string",
        },
      },
      "required": [
        "targetKey",
      ],
      "type": "object",
    },
    "SetComponentStateOperationOptions": {
      "properties": {
        "inputs": {
          "description": "
    Inputs to be used within formulas in other operation options.
  ",
          "items": {
            "$ref": "#/definitions/InputRef",
          },
          "type": "array",
        },
        "override": {
          "default": false,
          "description": "override refers to the type of behavior that SET_COMPONENT_STATE should emulate. If true, SET_COMPONENT_STATE will check if the targetKey's value is set, if so, will overwrite the value of the targetKey in state components. Otherwise set the targetKey with value as a new field. If false, SET_COMPONENT_STATE will only update value of targetKey.",
          "type": "boolean",
        },
        "shouldExecute": {
          "default": true,
          "description": "
    Conditionally execute this operation.
    Can set to false to temporarily disabled when debugging.
  ",
          "type": [
            "string",
            "boolean",
          ],
        },
        "targetKey": {
          "description": "targetKey refers to the intended target to manipulate.",
          "examples": [
            "firstNameTextField",
          ],
          "minLength": 1,
          "type": "string",
        },
        "value": {
          "description": "The value refers to the intended value to mutate the intended targetKey to.",
          "type": [
            "null",
            "integer",
            "number",
            "string",
            "boolean",
            "array",
            "object",
          ],
        },
      },
      "required": [
        "targetKey",
      ],
      "type": "object",
    },
  },
  "properties": {
    "creatorSummary": {
      "description": "A detailed summary of the operation",
      "type": "string",
    },
    "name": {
      "description": "Name of the operation",
      "type": "string",
    },
    "options": {
      "$ref": "#/definitions/SetComponentStateOperationOptions",
    },
    "type": {
      "const": "SET_COMPONENT_STATE",
      "examples": [
        "SET_COMPONENT_STATE",
      ],
      "type": "string",
    },
  },
  "required": [
    "options",
  ],
  "type": "object",
}
`;
