// Jest Snapshot v1, https://goo.gl/fbAQLP

exports[`Operation Model: TableSetRowPinning Tests should match this JSON Schema 1`] = `
{
  "definitions": {
    "RowPinningState": {
      "properties": {
        "bottom": {
          "description": "List of rows to pin to the bottom of the Table component.",
          "items": {
            "type": "string",
          },
          "type": "array",
        },
        "top": {
          "description": "List of rows to pin to the top of the Table component.",
          "items": {
            "type": "string",
          },
          "type": "array",
        },
      },
      "type": "object",
    },
    "TableSetRowPinningOperationOptions": {
      "description": "Sets the pinned rows of Table component.",
      "properties": {
        "rowPinningState": {
          "$ref": "#/definitions/RowPinningState",
        },
        "targetKey": {
          "description": "Key of the Table component to perform row pinning.",
          "minLength": 1,
          "type": "string",
        },
      },
      "required": [
        "targetKey",
        "rowPinningState",
      ],
      "type": "object",
    },
  },
  "description": "Pins rows to the top or bottom of the Table component.",
  "properties": {
    "creatorSummary": {
      "description": "A detailed summary of the operation",
      "type": "string",
    },
    "name": {
      "description": "Name of the operation",
      "type": "string",
    },
    "options": {
      "$ref": "#/definitions/TableSetRowPinningOperationOptions",
    },
    "type": {
      "const": "TABLE_SET_ROW_PINNING",
      "examples": [
        "TABLE_SET_ROW_PINNING",
      ],
      "type": "string",
    },
  },
  "required": [
    "options",
  ],
  "type": "object",
}
`;
