// Jest Snapshot v1, https://goo.gl/fbAQLP

exports[`Operation Model: TableGoToFirstPage Tests should match this JSON Schema 1`] = `
{
  "definitions": {
    "TableGoToFirstPageOperationOptions": {
      "properties": {
        "targetKey": {
          "description": "Key of the Table component to change pagination position of",
          "minLength": 1,
          "type": "string",
        },
      },
      "required": [
        "targetKey",
      ],
      "type": "object",
    },
  },
  "description": "Navigates to the first page of a paginated Table component.",
  "properties": {
    "creatorSummary": {
      "description": "A detailed summary of the operation",
      "type": "string",
    },
    "name": {
      "description": "Name of the operation",
      "type": "string",
    },
    "options": {
      "$ref": "#/definitions/TableGoToFirstPageOperationOptions",
    },
    "type": {
      "const": "TABLE_GO_TO_FIRST_PAGE",
      "examples": [
        "TABLE_GO_TO_FIRST_PAGE",
      ],
      "type": "string",
    },
  },
  "required": [
    "options",
  ],
  "type": "object",
}
`;
