// Jest Snapshot v1, https://goo.gl/fbAQLP

exports[`Entities Spec should match this JSON Schema 1`] = `
{
  "definitions": {
    "EntityTarget": {
      "description": "An Entity Target is a representation of a key that maps to an engine value and a property that maps to the Entity data.",
      "properties": {
        "keyName": {
          "description": "The name/key of the target that maps to a engine value",
          "examples": [
            "firstName",
            "grid",
            "checkboxOptionA",
          ],
          "minLength": 1,
          "type": "string",
        },
        "targets": {
          "description": "Targets are an optional collection of engine value references used get and set engine values. An Entity target might optionally need to define exactly what values it cares about. This is useful when dealing with nested data",
          "examples": [
            "[{keyName: "firstName", value: "{{firstName.value}}" }]",
            "[{keyName: "optionA", value: true" }]",
          ],
          "items": {
            "$ref": "#/definitions/EntityTarget",
          },
          "type": "array",
        },
        "value": {
          "description": "The explicit path to the value for the entity",
          "examples": [
            "firstName.value",
            "true",
            "unknownValue",
          ],
          "minLength": 1,
          "type": "string",
        },
      },
      "required": [
        "keyName",
        "value",
      ],
      "type": "object",
    },
  },
  "description": "An Entity is a data structure within the engine to represent a user-defined model.",
  "properties": {
    "key": {
      "description": "Entity key is a unique key to target entities",
      "examples": [
        "moduleId",
      ],
      "minLength": 1,
      "type": "string",
    },
    "moduleId": {
      "description": "The module id the entity is associated with.",
      "examples": [
        "12345",
      ],
      "minLength": 1,
      "type": "string",
    },
    "targets": {
      "description": "Targets are a collection of engine value references used get and set engine values",
      "examples": [
        "[{key: firstName, property: firstName }]",
        "[{key: firstName, property: differentPropName }]",
      ],
      "items": {
        "$ref": "#/definitions/EntityTarget",
      },
      "type": "array",
    },
    "type": {
      "default": "submission_data",
      "description": "What type of entity is this? Used to group related entities",
      "type": "string",
    },
  },
  "required": [
    "key",
    "moduleId",
    "targets",
  ],
  "type": "object",
}
`;
