// Jest Snapshot v1, https://goo.gl/fbAQLP

exports[`Operation Model: TableAddRow Tests should match this JSON Schema 1`] = `
{
  "definitions": {
    "TableAddRowOperationOptions": {
      "properties": {
        "rowValue": {
          "description": "A JSON object that contains the values for the new row. Object keys must match existing column keys otherwise the value will be ignored. Value data types must match the column's component definition, i.e: if the column has a NumberComponent, trying to assign an array to it won't play nice If rowValue is not specified, an empty row will be added.",
          "examples": [
            "{ "Name": "AppOne", "Date": "12/01/2023", "Number": 123, }",
          ],
          "type": "object",
        },
        "targetIndex": {
          "description": "The index where we would like to place the new row. Table rows are zero index-based, meaning zero represents the first position. Zero, Negative and Undefined values will add the row at the top of the table and values larger than the number of rows will add the new row at the bottom of the table. This field supports interpolation.",
          "examples": [
            "0 - adds a row at the first position of the table 1000 - if the table has less than 1000 elements, it adds a row at the last position -5 - adds a row at the first position of the table 3 - if the table has more than 3 elements, it adds a row at the position #3",
          ],
          "type": [
            "string",
            "number",
          ],
        },
        "targetKey": {
          "description": "Key of the Table component to add a row",
          "minLength": 1,
          "type": "string",
        },
      },
      "required": [
        "targetKey",
      ],
      "type": "object",
    },
  },
  "description": "Adds a row to the bottom of Table or at a specified position. May or may not include data to populate the new row with.",
  "properties": {
    "creatorSummary": {
      "description": "A detailed summary of the operation",
      "type": "string",
    },
    "name": {
      "description": "Name of the operation",
      "type": "string",
    },
    "options": {
      "$ref": "#/definitions/TableAddRowOperationOptions",
    },
    "type": {
      "const": "TABLE_ADD_ROW",
      "examples": [
        "TABLE_ADD_ROW",
      ],
      "type": "string",
    },
  },
  "required": [
    "options",
  ],
  "type": "object",
}
`;
