// Jest Snapshot v1, https://goo.gl/fbAQLP

exports[`setModal should match this JSON Schema 1`] = `
{
  "definitions": {
    "InputRef": {
      "description": "Objects may define other targets that they refer to. This becomes a link for operation execution within the Runtime.",
      "properties": {
        "alias": {
          "type": "string",
        },
        "propertyPath": {
          "type": "string",
        },
        "required": {
          "type": "boolean",
        },
        "silent": {
          "type": "boolean",
        },
        "targetKey": {
          "minLength": 1,
          "type": "string",
        },
        "type": {
          "type": "string",
        },
      },
      "required": [
        "targetKey",
      ],
      "type": "object",
    },
    "SetModalOptions": {
      "properties": {
        "inputs": {
          "description": "
    Inputs to be used within formulas in other operation options.
  ",
          "items": {
            "$ref": "#/definitions/InputRef",
          },
          "type": "array",
        },
        "modalAction": {
          "description": "modalAction refers to the event that the modal should execute.",
          "examples": [
            "MODAL_CLOSE_KEY",
            "MODAL_OPEN_KEY",
          ],
          "minLength": 1,
          "type": "string",
        },
        "shouldExecute": {
          "default": true,
          "description": "
    Conditionally execute this operation.
    Can set to false to temporarily disabled when debugging.
  ",
          "type": [
            "string",
            "boolean",
          ],
        },
        "targetEventKey": {
          "type": "string",
        },
        "targetKey": {
          "description": "The key or path to the container we intend to target for an operation",
          "type": "string",
        },
      },
      "required": [
        "modalAction",
      ],
      "type": "object",
    },
  },
  "properties": {
    "creatorSummary": {
      "description": "A detailed summary of the operation",
      "type": "string",
    },
    "name": {
      "description": "Name of the operation",
      "type": "string",
    },
    "options": {
      "$ref": "#/definitions/SetModalOptions",
    },
    "type": {
      "const": "SET_MODAL",
      "examples": [
        "SET_MODAL",
      ],
      "type": "string",
    },
  },
  "required": [
    "options",
  ],
  "type": "object",
}
`;
