// Jest Snapshot v1, https://goo.gl/fbAQLP

exports[`Operation Model: TableRemoveRows Tests TableRemoveRows Model 1`] = `
{
  "definitions": {
    "TableRemoveRowsOperationOptions": {
      "properties": {
        "targetIndexes": {
          "description": "Index(es) for the row(s) we want to remove",
          "items": {
            "type": "number",
          },
          "type": "array",
        },
        "targetKey": {
          "description": "Key of the table component to remove rows",
          "minLength": 1,
          "type": "string",
        },
      },
      "required": [
        "targetKey",
        "targetIndexes",
      ],
      "type": "object",
    },
  },
  "description": "Removes row(s) from the Table component at specified index(es).",
  "properties": {
    "creatorSummary": {
      "description": "A detailed summary of the operation",
      "type": "string",
    },
    "name": {
      "description": "Name of the operation",
      "type": "string",
    },
    "options": {
      "$ref": "#/definitions/TableRemoveRowsOperationOptions",
    },
    "type": {
      "const": "TABLE_REMOVE_ROWS",
      "examples": [
        "TABLE_REMOVE_ROWS",
      ],
      "type": "string",
    },
  },
  "required": [
    "options",
  ],
  "type": "object",
}
`;
