// Jest Snapshot v1, https://goo.gl/fbAQLP

exports[`Operation Model: TableSetGlobalFilterVisibility Tests should match this JSON Schema 1`] = `
{
  "definitions": {
    "TableSetGlobalFilterVisibilityOperationOptions": {
      "properties": {
        "enableGlobalFilter": {
          "type": [
            "boolean",
            "string",
          ],
        },
        "targetKey": {
          "type": "string",
        },
      },
      "type": "object",
    },
  },
  "properties": {
    "creatorSummary": {
      "description": "A detailed summary of the operation",
      "type": "string",
    },
    "name": {
      "description": "Name of the operation",
      "type": "string",
    },
    "options": {
      "$ref": "#/definitions/TableSetGlobalFilterVisibilityOperationOptions",
    },
    "type": {
      "const": "TABLE_SET_GLOBAL_FILTER_VISIBILITY",
      "examples": [
        "TABLE_SET_GLOBAL_FILTER_VISIBILITY",
      ],
      "type": "string",
    },
  },
  "required": [
    "options",
  ],
  "type": "object",
}
`;
