// Jest Snapshot v1, https://jestjs.io/docs/snapshot-testing

exports[`Operation Model: GoGoGadgetClipboard Tests should match the basic schema 1`] = `
{
  "autogenDisabled": true,
  "definitions": {
    "GoGoGadgetClipboardOperationOptions": {
      "properties": {
        "property": {
          "minLength": 1,
          "type": "string",
        },
        "shouldExecute": {
          "default": true,
          "description": "
    Conditionally execute this operation.
    Can set to false to temporarily disabled when debugging.
  ",
          "type": [
            "string",
            "boolean",
          ],
        },
        "targetKey": {
          "minLength": 1,
          "type": "string",
        },
      },
      "required": [
        "targetKey",
        "property",
      ],
      "type": "object",
    },
  },
  "properties": {
    "creatorSummary": {
      "description": "A detailed summary of the operation",
      "type": "string",
    },
    "name": {
      "description": "Name of the operation",
      "type": "string",
    },
    "options": {
      "$ref": "#/definitions/GoGoGadgetClipboardOperationOptions",
    },
    "type": {
      "const": "GO_GO_GADGET_CLIPBOARD",
      "examples": [
        "GO_GO_GADGET_CLIPBOARD",
      ],
      "type": "string",
    },
  },
  "required": [
    "options",
  ],
  "type": "object",
}
`;
