// Jest Snapshot v1, https://jestjs.io/docs/snapshot-testing

exports[`Operation Model: ToggleOperation Tests should match this JSON Schema 1`] = `
{
  "definitions": {
    "ToggleOptions": {
      "properties": {
        "property": {
          "description": "\`property\` refers to the intended property to mutate. This can be represented as a JSONPath expression.",
          "examples": [
            "value",
            "validation.latest",
          ],
          "minLength": 1,
          "type": "string",
        },
        "shouldExecute": {
          "default": true,
          "description": "
    Conditionally execute this operation.
    Can set to false to temporarily disabled when debugging.
  ",
          "type": [
            "string",
            "boolean",
          ],
        },
        "targetKey": {
          "description": "targetKey refers to the intended target to manipulate.",
          "examples": [
            "firstNameTextField",
            "grid.row(0).col(0)",
          ],
          "minLength": 1,
          "type": "string",
        },
      },
      "required": [
        "targetKey",
        "property",
      ],
      "type": "object",
    },
  },
  "description": "Toggles a boolean property.",
  "properties": {
    "creatorSummary": {
      "description": "A detailed summary of the operation",
      "type": "string",
    },
    "name": {
      "description": "Name of the operation",
      "type": "string",
    },
    "options": {
      "$ref": "#/definitions/ToggleOptions",
    },
    "type": {
      "const": "TOGGLE",
      "examples": [
        "TOGGLE",
      ],
      "type": "string",
    },
  },
  "required": [
    "options",
  ],
  "type": "object",
}
`;
