// Jest Snapshot v1, https://jestjs.io/docs/snapshot-testing

exports[`Operation Model: Printer Tests Printer Model 1`] = `
{
  "autogenDisabled": true,
  "definitions": {
    "PrinterOperationOptions": {
      "properties": {
        "logType": {
          "default": "log",
          "type": "string",
        },
        "shouldExecute": {
          "default": true,
          "description": "
    Conditionally execute this operation.
    Can set to false to temporarily disabled when debugging.
  ",
          "type": [
            "string",
            "boolean",
          ],
        },
        "thingToPrint": {
          "type": "string",
        },
      },
      "type": "object",
    },
  },
  "properties": {
    "creatorSummary": {
      "description": "A detailed summary of the operation",
      "type": "string",
    },
    "name": {
      "description": "Name of the operation",
      "type": "string",
    },
    "options": {
      "$ref": "#/definitions/PrinterOperationOptions",
    },
    "type": {
      "const": "PRINTER",
      "examples": [
        "PRINTER",
      ],
      "type": "string",
    },
  },
  "required": [
    "options",
  ],
  "type": "object",
}
`;
