// Jest Snapshot v1, https://goo.gl/fbAQLP

exports[`Submit Model should match this JSON Schema 1`] = `
{
  "autogenDisabled": true,
  "definitions": {
    "SubmitOptions": {
      "properties": {
        "shouldExecute": {
          "default": true,
          "description": "
    Conditionally execute this operation.
    Can set to false to temporarily disabled when debugging.
  ",
          "type": [
            "string",
            "boolean",
          ],
        },
        "targetEntityKey": {
          "description": "Key of a target entity",
          "examples": [
            "submissionData",
          ],
          "minLength": 1,
          "type": "string",
        },
      },
      "required": [
        "targetEntityKey",
      ],
      "type": "object",
    },
  },
  "properties": {
    "creatorSummary": {
      "description": "A detailed summary of the operation",
      "type": "string",
    },
    "name": {
      "description": "Name of the operation",
      "type": "string",
    },
    "options": {
      "$ref": "#/definitions/SubmitOptions",
    },
    "type": {
      "const": "SUBMIT",
      "examples": [
        "SUBMIT",
      ],
      "type": "string",
    },
  },
  "required": [
    "options",
  ],
  "type": "object",
}
`;
