// Jest Snapshot v1, https://goo.gl/fbAQLP

exports[`setValidation should match JSON schema 1`] = `
{
  "definitions": {
    "SetValidationRuleOptions": {
      "properties": {
        "rule": {
          "$ref": "#/definitions/ValidationRule",
        },
        "shouldExecute": {
          "default": true,
          "description": "
    Conditionally execute this operation.
    Can set to false to temporarily disabled when debugging.
  ",
          "type": [
            "string",
            "boolean",
          ],
        },
        "targetKey": {
          "description": "Key of target to apply set validation rule",
          "minLength": 1,
          "type": "string",
        },
      },
      "required": [
        "targetKey",
      ],
      "type": "object",
    },
    "ValidationRule": {
      "properties": {
        "errorMessage": {
          "description": "What message to show when this rule is not met",
          "type": "string",
        },
        "type": {
          "description": "What type of validation rule is this",
          "enum": [
            "required",
            "maxLength",
            "minLength",
            "arrayMinLength",
            "arrayMaxLength",
            "pattern",
            "min",
            "max",
            "mask",
            "number",
            "dateinput",
            "isBeforeDate",
            "isAfterDate",
            "customError",
            "isEmail",
          ],
          "type": "string",
        },
        "validation": {
          "description": "Nested validation record",
          "type": "object",
        },
      },
      "type": "object",
    },
  },
  "properties": {
    "creatorSummary": {
      "description": "A detailed summary of the operation",
      "type": "string",
    },
    "name": {
      "description": "Name of the operation",
      "type": "string",
    },
    "options": {
      "$ref": "#/definitions/SetValidationRuleOptions",
    },
    "type": {
      "const": "SET_VALIDATION_RULE",
      "examples": [
        "SET_VALIDATION_RULE",
      ],
      "type": "string",
    },
  },
  "required": [
    "options",
  ],
  "type": "object",
}
`;
