// Jest Snapshot v1, https://goo.gl/fbAQLP

exports[`Clear Operation Model Test should match this JSON Schema 1`] = `
{
  "definitions": {
    "ClearOptions": {
      "properties": {
        "DO_NOT_USE_ignoreChildComponentTypes": {
          "description": "List of component types to ignore when the clear operation runs.",
          "examples": [
            [
              "textfield",
              "textarea",
            ],
          ],
          "type": "array",
        },
        "shouldExecute": {
          "default": true,
          "description": "
    Conditionally execute this operation.
    Can set to false to temporarily disabled when debugging.
  ",
          "type": [
            "string",
            "boolean",
          ],
        },
        "targetKey": {
          "description": "key of target to apply the clear operation",
          "examples": [
            "textfield",
          ],
          "minLength": 1,
          "type": "string",
        },
      },
      "required": [
        "targetKey",
      ],
      "type": "object",
    },
  },
  "properties": {
    "creatorSummary": {
      "description": "A detailed summary of the operation",
      "type": "string",
    },
    "name": {
      "description": "Name of the operation",
      "type": "string",
    },
    "options": {
      "$ref": "#/definitions/ClearOptions",
    },
    "type": {
      "const": "CLEAR",
      "examples": [
        "CLEAR",
      ],
      "type": "string",
    },
  },
  "required": [
    "options",
  ],
  "type": "object",
}
`;
