// Jest Snapshot v1, https://goo.gl/fbAQLP

exports[`Operation Model: TableClear Tests should match this JSON Schema 1`] = `
{
  "definitions": {
    "TableClearOperationOptions": {
      "properties": {
        "targetKey": {
          "description": "Key of the Table component to apply the clear operation",
          "minLength": 1,
          "type": "string",
        },
      },
      "required": [
        "targetKey",
      ],
      "type": "object",
    },
  },
  "description": "Clears data for the Table component.",
  "properties": {
    "creatorSummary": {
      "description": "A detailed summary of the operation",
      "type": "string",
    },
    "name": {
      "description": "Name of the operation",
      "type": "string",
    },
    "options": {
      "$ref": "#/definitions/TableClearOperationOptions",
    },
    "type": {
      "const": "TABLE_CLEAR",
      "examples": [
        "TABLE_CLEAR",
      ],
      "type": "string",
    },
  },
  "required": [
    "options",
  ],
  "stability": "STABLE",
  "type": "object",
}
`;
