// Jest Snapshot v1, https://goo.gl/fbAQLP

exports[`Operation Model: DecideOperation Tests should match this JSON Schema 1`] = `
{
  "definitions": {
    "ConditionalExecutionBag": {
      "properties": {
        "conditions": {
          "items": {
            "$ref": "#/definitions/RootDecide",
          },
          "type": "array",
        },
        "operations": {
          "items": {
            "$ref": "#/definitions/Operation",
          },
          "type": "array",
        },
      },
      "type": "object",
    },
    "DecideInputs": {
      "properties": {
        "alias": {
          "type": "string",
        },
        "propertyPath": {
          "type": "string",
        },
        "required": {
          "type": "boolean",
        },
        "silent": {
          "type": "boolean",
        },
        "targetKey": {
          "type": "string",
        },
        "type": {
          "type": "string",
        },
      },
      "type": "object",
    },
    "DecideOptions": {
      "properties": {
        "chainDecisions": {
          "type": "boolean",
        },
        "chainDecisionsBackwards": {
          "type": "boolean",
        },
        "decisionType": {
          "enum": [
            "first",
            "last",
            "merge",
          ],
          "type": "string",
        },
        "inputs": {
          "items": {
            "$ref": "#/definitions/DecideInputs",
          },
          "type": "array",
        },
        "outputs": {
          "items": {
            "$ref": "#/definitions/ConditionalExecutionBag",
          },
          "type": "array",
        },
        "shouldExecute": {
          "default": true,
          "description": "
    Conditionally execute this operation.
    Can set to false to temporarily disabled when debugging.
  ",
          "type": [
            "string",
            "boolean",
          ],
        },
      },
      "type": "object",
    },
    "Operation": {
      "properties": {
        "creatorSummary": {
          "description": "A detailed summary of the operation",
          "type": "string",
        },
        "name": {
          "description": "Name of the operation",
          "type": "string",
        },
        "type": {
          "type": "string",
        },
      },
      "type": "object",
    },
    "RootDecide": {
      "properties": {
        "type": {
          "enum": [
            "exact",
            "contains",
            "range",
          ],
          "type": "string",
        },
      },
      "type": "object",
    },
  },
  "properties": {
    "creatorSummary": {
      "description": "A detailed summary of the operation",
      "type": "string",
    },
    "name": {
      "description": "Name of the operation",
      "type": "string",
    },
    "options": {
      "$ref": "#/definitions/DecideOptions",
    },
    "type": {
      "const": "DECIDE",
      "examples": [
        "DECIDE",
      ],
      "type": "string",
    },
  },
  "required": [
    "options",
  ],
  "type": "object",
}
`;
