// Jest Snapshot v1, https://jestjs.io/docs/snapshot-testing

exports[`Operation Model: WorkflowSaveAndExit Tests should match this JSON Schema 1`] = `
{
  "autogenDisabled": true,
  "definitions": {
    "SaveAndExitAlertSetting": {
      "properties": {
        "cancelButtonText": {
          "description": "The cancel button text for save and exit modal.",
          "type": "string",
        },
        "confirmButtonText": {
          "description": "The confirmation button text for save and exit modal.",
          "type": "string",
        },
        "saveAndExitMessage": {
          "description": "message for save and exit modal",
          "type": "string",
        },
      },
      "type": "object",
    },
    "WorkflowSaveAndExitOperationOptions": {
      "properties": {
        "currentStepPath": {
          "description": "current step of the workflow",
          "minLength": 1,
          "type": "string",
        },
        "saveAndExitAlertSetting": {
          "$ref": "#/definitions/SaveAndExitAlertSetting",
        },
        "shouldExecute": {
          "default": true,
          "description": "
    Conditionally execute this operation.
    Can set to false to temporarily disabled when debugging.
  ",
          "type": [
            "string",
            "boolean",
          ],
        },
      },
      "required": [
        "currentStepPath",
      ],
      "type": "object",
    },
  },
  "properties": {
    "creatorSummary": {
      "description": "A detailed summary of the operation",
      "type": "string",
    },
    "name": {
      "description": "Name of the operation",
      "type": "string",
    },
    "options": {
      "$ref": "#/definitions/WorkflowSaveAndExitOperationOptions",
    },
    "type": {
      "const": "WORKFLOW_SAVE_AND_EXIT",
      "examples": [
        "WORKFLOW_SAVE_AND_EXIT",
      ],
      "type": "string",
    },
  },
  "required": [
    "options",
  ],
  "type": "object",
}
`;
