// Jest Snapshot v1, https://goo.gl/fbAQLP

exports[`Set Spinner Model should match this JSON Schema 1`] = `
{
  "definitions": {
    "SetSpinnerOptions": {
      "properties": {
        "showCursorSpinner": {
          "default": false,
          "description": "'showCursorSpinner' converts the user's cursor to a spinner when enabled.",
          "type": "boolean",
        },
        "showPageSpinner": {
          "default": false,
          "description": "'showPageSpinner' uses the R1 Page Spinner animation when enabled.",
          "type": "boolean",
        },
      },
      "type": "object",
    },
  },
  "description": "R1 Compatibility Operation for the spinner output. The SET_SPINNER operation will set a spinner depending on the arguments passed in. If "showCursorSpinner" is set to true, then the mouse will have a small spinner enabled. If "showPageSpinner" is set to true, then the page will have a small spinner enabled.",
  "properties": {
    "creatorSummary": {
      "description": "A detailed summary of the operation",
      "type": "string",
    },
    "name": {
      "description": "Name of the operation",
      "type": "string",
    },
    "options": {
      "$ref": "#/definitions/SetSpinnerOptions",
    },
    "type": {
      "const": "SET_SPINNER",
      "examples": [
        "SET_SPINNER",
      ],
      "type": "string",
    },
  },
  "required": [
    "options",
  ],
  "stability": "STABLE",
  "type": "object",
}
`;
