// Jest Snapshot v1, https://goo.gl/fbAQLP

exports[`Operation Model: AsyncAllSettled Tests should match this JSON Schema 1`] = `
{
  "definitions": {
    "AsyncAllSettledOperationOptions": {
      "properties": {
        "inputs": {
          "description": "
    Inputs to be used within formulas in other operation options.
  ",
          "items": {
            "$ref": "#/definitions/InputRef",
          },
          "type": "array",
        },
        "operations": {
          "description": "Async operations that will run in parallel. When all have either resolved or rejected, this operation will finish",
          "items": {
            "$ref": "#/definitions/Operation",
          },
          "minItems": 1,
          "type": "array",
        },
        "shouldExecute": {
          "default": true,
          "description": "
    Conditionally execute this operation.
    Can set to false to temporarily disabled when debugging.
  ",
          "type": [
            "string",
            "boolean",
          ],
        },
        "throwOnAnyRejection": {
          "description": "Controls if once all promises have settled, if this operation will throw with the rejected values. Default: false.",
          "type": "boolean",
        },
      },
      "required": [
        "operations",
      ],
      "type": "object",
    },
    "InputRef": {
      "description": "Objects may define other targets that they refer to. This becomes a link for operation execution within the Runtime.",
      "properties": {
        "alias": {
          "type": "string",
        },
        "propertyPath": {
          "type": "string",
        },
        "required": {
          "type": "boolean",
        },
        "silent": {
          "type": "boolean",
        },
        "targetKey": {
          "minLength": 1,
          "type": "string",
        },
        "type": {
          "type": "string",
        },
      },
      "required": [
        "targetKey",
      ],
      "type": "object",
    },
    "Operation": {
      "properties": {
        "creatorSummary": {
          "description": "A detailed summary of the operation",
          "type": "string",
        },
        "name": {
          "description": "Name of the operation",
          "type": "string",
        },
        "type": {
          "type": "string",
        },
      },
      "type": "object",
    },
  },
  "properties": {
    "creatorSummary": {
      "description": "A detailed summary of the operation",
      "type": "string",
    },
    "name": {
      "description": "Name of the operation",
      "type": "string",
    },
    "options": {
      "$ref": "#/definitions/AsyncAllSettledOperationOptions",
    },
    "type": {
      "const": "ASYNC_ALL_SETTLED",
      "examples": [
        "ASYNC_ALL_SETTLED",
      ],
      "type": "string",
    },
  },
  "required": [
    "options",
  ],
  "type": "object",
}
`;
